1 5 9 6 4 2 8 3 7
4 2 7 3 1 8 9 6 5
3 8 6 5 9 7 2 4 1
9 1 2 4 8 5 6 7 3
5 6 4 7 2 3 1 9 8
7 3 8 9 6 1 4 5 2
6 7 1 2 5 9 3 8 4
2 9 5 8 3 4 7 1 6
8 4 3 1 7 6 5 2 9