8 4 7 6 3 5 1 2 9
1 5 3 2 9 7 4 8 6
6 2 9 1 4 8 3 7 5
3 9 8 5 2 4 6 1 7
4 6 2 7 1 9 8 5 3
5 7 1 3 8 6 2 9 4
9 8 5 4 6 1 7 3 2
7 3 6 8 5 2 9 4 1
2 1 4 9 7 3 5 6 8